#-----------------------------------------------------------
# Vivado v2020.1 (64-bit)
# SW Build 2902540 on Wed May 27 19:54:49 MDT 2020
# IP Build 2902112 on Wed May 27 22:43:36 MDT 2020
# Start of session at: Tue Apr 16 14:47:35 2024
# Process ID: 2744
# Current directory: C:/Users/Raahim/Documents/GitHub/Pipelined-RISC-V-Processor/Non-pipelined
# Command line: vivado.exe -gui_launcher_event rodinguilauncherevent1480 C:\Users\Raahim\Documents\GitHub\Pipelined-RISC-V-Processor\Non-pipelined\Non-pipelined.xpr
# Log file: C:/Users/Raahim/Documents/GitHub/Pipelined-RISC-V-Processor/Non-pipelined/vivado.log
# Journal file: C:/Users/Raahim/Documents/GitHub/Pipelined-RISC-V-Processor/Non-pipelined\vivado.jou
#-----------------------------------------------------------
start_gui
open_project C:/Users/Raahim/Documents/GitHub/Pipelined-RISC-V-Processor/Non-pipelined/Non-pipelined.xpr
update_compile_order -fileset sources_1
launch_simulation
source tb_processor.tcl
run 20 ns
close_sim
launch_simulation
source tb_processor.tcl
relaunch_sim
relaunch_sim
relaunch_sim
relaunch_sim
relaunch_sim
run 20 ns
run 20 ns
run 20 ns
relaunch_sim
relaunch_sim
relaunch_sim
relaunch_sim
relaunch_sim
relaunch_sim
relaunch_sim
relaunch_sim
run 20 ns
run 20 ns
run 20 ns
run 20 ns
run 20 ns
run 20 ns
run 20 ns
